// Jest Snapshot v1, https://goo.gl/fbAQLP

exports[`renders demo correctly 1`] = `
<div>
  <div>
    <div class="van-loading van-loading--circular"><span class="van-loading__spinner van-loading__spinner--circular" style="color:#c9c9c9;"><svg viewBox="25 25 50 50" class="van-loading__circular"><circle cx="50" cy="50" r="20" fill="none"></circle></svg></span></div>
    <div class="van-loading van-loading--spinner"><span class="van-loading__spinner van-loading__spinner--spinner" style="color:#c9c9c9;"><i></i><i></i><i></i><i></i><i></i><i></i><i></i><i></i><i></i><i></i><i></i><i></i></span></div>
  </div>
  <div>
    <div class="van-loading van-loading--circular"><span class="van-loading__spinner van-loading__spinner--circular" style="color:#1989fa;"><svg viewBox="25 25 50 50" class="van-loading__circular"><circle cx="50" cy="50" r="20" fill="none"></circle></svg></span></div>
    <div class="van-loading van-loading--spinner"><span class="van-loading__spinner van-loading__spinner--spinner" style="color:#1989fa;"><i></i><i></i><i></i><i></i><i></i><i></i><i></i><i></i><i></i><i></i><i></i><i></i></span></div>
  </div>
  <div>
    <div class="van-loading van-loading--circular"><span class="van-loading__spinner van-loading__spinner--circular" style="color:#c9c9c9;width:24px;height:24px;"><svg viewBox="25 25 50 50" class="van-loading__circular"><circle cx="50" cy="50" r="20" fill="none"></circle></svg></span><span class="van-loading__text">
      加载中...
    </span></div>
  </div>
</div>
`;
