// Jest Snapshot v1, https://goo.gl/fbAQLP

exports[`reset z-index 1`] = `<div class="van-popup van-popup--center" name="van-fade"></div>`;
