// Jest Snapshot v1, https://goo.gl/fbAQLP

exports[`renders demo correctly 1`] = `
<div>
  <div>
    <div class="van-dropdown-menu van-hairline--top-bottom">
      <div class="van-dropdown-item" style="top:0px;z-index:10;display:none;">
        <!---->
      </div>
      <div class="van-dropdown-item" style="top:0px;z-index:10;display:none;">
        <!---->
      </div>
    </div>
  </div>
  <div>
    <div class="van-dropdown-menu van-hairline--top-bottom">
      <div class="van-dropdown-item" style="top:0px;z-index:10;display:none;">
        <!---->
      </div>
      <div class="van-dropdown-item" style="top:0px;z-index:10;display:none;">
        <!---->
      </div>
    </div>
  </div>
</div>
`;
